Component: Arm Compiler for Embedded 6.19 Tool: armlink [5e73cb00]

==============================================================================

Section Cross References

    afio_program.o(.ARM.exidx.text.MCAL_AFIO_SetRemap) refers to afio_program.o(.text.MCAL_AFIO_SetRemap) for [Anonymous Symbol]
    afio_program.o(.ARM.exidx.text.MCAL_AFIO_SetDebugPort) refers to afio_program.o(.text.MCAL_AFIO_SetDebugPort) for [Anonymous Symbol]
    afio_program.o(.ARM.exidx.text.AFIO_MAPR_ADC2ETRGREGRemap) refers to afio_program.o(.text.AFIO_MAPR_ADC2ETRGREGRemap) for [Anonymous Symbol]
    afio_program.o(.ARM.exidx.text.AFIO_MAPR_ADC2ETRGINJRemap) refers to afio_program.o(.text.AFIO_MAPR_ADC2ETRGINJRemap) for [Anonymous Symbol]
    afio_program.o(.ARM.exidx.text.MCAL_AFIO_SetEXTIConfiguration) refers to afio_program.o(.text.MCAL_AFIO_SetEXTIConfiguration) for [Anonymous Symbol]
    exti_program.o(.text.EXTI_vInit) refers to exti_program.o(.data.EXTI_Configurations) for EXTI_Configurations
    exti_program.o(.text.EXTI_vInit) refers to afio_program.o(.text.MCAL_AFIO_SetEXTIConfiguration) for MCAL_AFIO_SetEXTIConfiguration
    exti_program.o(.ARM.exidx.text.EXTI_vInit) refers to exti_program.o(.text.EXTI_vInit) for [Anonymous Symbol]
    exti_program.o(.text.EXTI_InitForGPIO) refers to afio_program.o(.text.MCAL_AFIO_SetEXTIConfiguration) for MCAL_AFIO_SetEXTIConfiguration
    exti_program.o(.ARM.exidx.text.EXTI_InitForGPIO) refers to exti_program.o(.text.EXTI_InitForGPIO) for [Anonymous Symbol]
    exti_program.o(.ARM.exidx.text.EXTI_EnableLine) refers to exti_program.o(.text.EXTI_EnableLine) for [Anonymous Symbol]
    exti_program.o(.ARM.exidx.text.EXTI_DisableLine) refers to exti_program.o(.text.EXTI_DisableLine) for [Anonymous Symbol]
    exti_program.o(.ARM.exidx.text.EXTI_SetTrigger) refers to exti_program.o(.text.EXTI_SetTrigger) for [Anonymous Symbol]
    exti_program.o(.ARM.exidx.text.EXTI_Exit_IRQHandler) refers to exti_program.o(.text.EXTI_Exit_IRQHandler) for [Anonymous Symbol]
    gpio_program.o(.ARM.exidx.text.MCAL_GPIO_SetPinMode) refers to gpio_program.o(.text.MCAL_GPIO_SetPinMode) for [Anonymous Symbol]
    gpio_program.o(.ARM.exidx.text.MCAL_GPIO_SetPinValue) refers to gpio_program.o(.text.MCAL_GPIO_SetPinValue) for [Anonymous Symbol]
    gpio_program.o(.ARM.exidx.text.MCAL_GPIO_GetPinValue) refers to gpio_program.o(.text.MCAL_GPIO_GetPinValue) for [Anonymous Symbol]
    gpio_program.o(.text.MCAL_GPIO_TogglePin) refers to gpio_program.o(.text.MCAL_GPIO_GetPinValue) for MCAL_GPIO_GetPinValue
    gpio_program.o(.text.MCAL_GPIO_TogglePin) refers to gpio_program.o(.text.MCAL_GPIO_SetPinValue) for MCAL_GPIO_SetPinValue
    gpio_program.o(.ARM.exidx.text.MCAL_GPIO_TogglePin) refers to gpio_program.o(.text.MCAL_GPIO_TogglePin) for [Anonymous Symbol]
    rcc_program.o(.ARM.exidx.text.MCAL_RCC_InitSysClock) refers to rcc_program.o(.text.MCAL_RCC_InitSysClock) for [Anonymous Symbol]
    rcc_program.o(.ARM.exidx.text.MCAL_RCC_EnablePeripheral) refers to rcc_program.o(.text.MCAL_RCC_EnablePeripheral) for [Anonymous Symbol]
    rcc_program.o(.ARM.exidx.text.MCAL_RCC_DisablePeripheral) refers to rcc_program.o(.text.MCAL_RCC_DisablePeripheral) for [Anonymous Symbol]
    main.o(.text.main) refers to rcc_program.o(.text.MCAL_RCC_InitSysClock) for MCAL_RCC_InitSysClock
    main.o(.text.main) refers to rcc_program.o(.text.MCAL_RCC_EnablePeripheral) for MCAL_RCC_EnablePeripheral
    main.o(.text.main) refers to gpio_program.o(.text.MCAL_GPIO_SetPinMode) for MCAL_GPIO_SetPinMode
    main.o(.text.main) refers to nvic_program.o(.text.MCAL_NVIC_vSetPriority) for MCAL_NVIC_vSetPriority
    main.o(.text.main) refers to nvic_program.o(.text.MCAL_NVIC_EnableIRQ) for MCAL_NVIC_EnableIRQ
    main.o(.text.main) refers to exti_program.o(.text.EXTI_InitForGPIO) for EXTI_InitForGPIO
    main.o(.text.main) refers to exti_program.o(.text.EXTI_EnableLine) for EXTI_EnableLine
    main.o(.text.main) refers to gpio_program.o(.text.MCAL_GPIO_SetPinValue) for MCAL_GPIO_SetPinValue
    main.o(.text.main) refers to stk_program.o(.text.MCAL_STK_SetDelay_ms) for MCAL_STK_SetDelay_ms
    main.o(.ARM.exidx.text.main) refers to main.o(.text.main) for [Anonymous Symbol]
    main.o(.text.EXTI0_IRQHandler) refers to gpio_program.o(.text.MCAL_GPIO_GetPinValue) for MCAL_GPIO_GetPinValue
    main.o(.text.EXTI0_IRQHandler) refers to gpio_program.o(.text.MCAL_GPIO_SetPinValue) for MCAL_GPIO_SetPinValue
    main.o(.text.EXTI0_IRQHandler) refers to stk_program.o(.text.MCAL_STK_SetDelay_ms) for MCAL_STK_SetDelay_ms
    main.o(.text.EXTI0_IRQHandler) refers to exti_program.o(.text.EXTI_Exit_IRQHandler) for EXTI_Exit_IRQHandler
    main.o(.text.EXTI0_IRQHandler) refers to nvic_program.o(.text.MCAL_NVIC_ClearPendingIRQ) for MCAL_NVIC_ClearPendingIRQ
    main.o(.text.EXTI0_IRQHandler) refers to gpio_program.o(.text.MCAL_GPIO_TogglePin) for MCAL_GPIO_TogglePin
    main.o(.ARM.exidx.text.EXTI0_IRQHandler) refers to main.o(.text.EXTI0_IRQHandler) for [Anonymous Symbol]
    nvic_program.o(.ARM.exidx.text.MCAL_NVIC_EnableIRQ) refers to nvic_program.o(.text.MCAL_NVIC_EnableIRQ) for [Anonymous Symbol]
    nvic_program.o(.ARM.exidx.text.MCAL_NVIC_DisableIRQ) refers to nvic_program.o(.text.MCAL_NVIC_DisableIRQ) for [Anonymous Symbol]
    nvic_program.o(.ARM.exidx.text.MCAL_NVIC_SetPendingIRQ) refers to nvic_program.o(.text.MCAL_NVIC_SetPendingIRQ) for [Anonymous Symbol]
    nvic_program.o(.ARM.exidx.text.MCAL_NVIC_ClearPendingIRQ) refers to nvic_program.o(.text.MCAL_NVIC_ClearPendingIRQ) for [Anonymous Symbol]
    nvic_program.o(.ARM.exidx.text.MCAL_NVIC_GetPendingIRQ) refers to nvic_program.o(.text.MCAL_NVIC_GetPendingIRQ) for [Anonymous Symbol]
    nvic_program.o(.text.MCAL_NVIC_xSetPriority) refers to scb_program.o(.text.SCB_SetPriorityGrouping) for SCB_SetPriorityGrouping
    nvic_program.o(.ARM.exidx.text.MCAL_NVIC_xSetPriority) refers to nvic_program.o(.text.MCAL_NVIC_xSetPriority) for [Anonymous Symbol]
    nvic_program.o(.text.MCAL_NVIC_vSetPriority) refers to scb_program.o(.text.SCB_SetPriorityGrouping) for SCB_SetPriorityGrouping
    nvic_program.o(.ARM.exidx.text.MCAL_NVIC_vSetPriority) refers to nvic_program.o(.text.MCAL_NVIC_vSetPriority) for [Anonymous Symbol]
    nvic_program.o(.ARM.exidx.text.MCAL_NVIC_xGetPriority) refers to nvic_program.o(.text.MCAL_NVIC_xGetPriority) for [Anonymous Symbol]
    scb_program.o(.ARM.exidx.text.SCB_SetPriorityGrouping) refers to scb_program.o(.text.SCB_SetPriorityGrouping) for [Anonymous Symbol]
    scb_program.o(.ARM.exidx.text.DisableGlobalInterrupts) refers to scb_program.o(.text.DisableGlobalInterrupts) for [Anonymous Symbol]
    scb_program.o(.ARM.exidx.text.EnableGlobalInterrupts) refers to scb_program.o(.text.EnableGlobalInterrupts) for [Anonymous Symbol]
    scb_program.o(.ARM.exidx.text.SCB_EnableMemFault) refers to scb_program.o(.text.SCB_EnableMemFault) for [Anonymous Symbol]
    scb_program.o(.ARM.exidx.text.SCB_EnableBusFault) refers to scb_program.o(.text.SCB_EnableBusFault) for [Anonymous Symbol]
    scb_program.o(.ARM.exidx.text.SCB_EnableUsageFault) refers to scb_program.o(.text.SCB_EnableUsageFault) for [Anonymous Symbol]
    scb_program.o(.ARM.exidx.text.SCB_ClearMemFault) refers to scb_program.o(.text.SCB_ClearMemFault) for [Anonymous Symbol]
    scb_program.o(.ARM.exidx.text.SCB_ClearBusFault) refers to scb_program.o(.text.SCB_ClearBusFault) for [Anonymous Symbol]
    scb_program.o(.ARM.exidx.text.SCB_ClearUsageFault) refers to scb_program.o(.text.SCB_ClearUsageFault) for [Anonymous Symbol]
    stk_program.o(.ARM.exidx.text.MCAL_STK_Init) refers to stk_program.o(.text.MCAL_STK_Init) for [Anonymous Symbol]
    stk_program.o(.ARM.exidx.text.MCAL_STK_Start) refers to stk_program.o(.text.MCAL_STK_Start) for [Anonymous Symbol]
    stk_program.o(.ARM.exidx.text.MCAL_STK_Stop) refers to stk_program.o(.text.MCAL_STK_Stop) for [Anonymous Symbol]
    stk_program.o(.ARM.exidx.text.MCAL_STK_Reset) refers to stk_program.o(.text.MCAL_STK_Reset) for [Anonymous Symbol]
    stk_program.o(.ARM.exidx.text.MCAL_STK_GetRemainingCounts) refers to stk_program.o(.text.MCAL_STK_GetRemainingCounts) for [Anonymous Symbol]
    stk_program.o(.text.MCAL_STK_GetElapsedCounts) refers to stk_program.o(.bss.MCAL_STK_GetElapsedCounts.Local_PreviousValue) for MCAL_STK_GetElapsedCounts.Local_PreviousValue
    stk_program.o(.ARM.exidx.text.MCAL_STK_GetElapsedCounts) refers to stk_program.o(.text.MCAL_STK_GetElapsedCounts) for [Anonymous Symbol]
    stk_program.o(.ARM.exidx.text.MCAL_STK_SetBusyWait) refers to stk_program.o(.text.MCAL_STK_SetBusyWait) for [Anonymous Symbol]
    stk_program.o(.text.MCAL_STK_SetDelay_ms) refers to fmul.o(x$fpl$fmul) for __aeabi_fmul
    stk_program.o(.text.MCAL_STK_SetDelay_ms) refers to f2d.o(x$fpl$f2d) for __aeabi_f2d
    stk_program.o(.text.MCAL_STK_SetDelay_ms) refers to ddiv.o(x$fpl$ddiv) for __aeabi_ddiv
    stk_program.o(.text.MCAL_STK_SetDelay_ms) refers to dfixu.o(x$fpl$dfixu) for __aeabi_d2uiz
    stk_program.o(.ARM.exidx.text.MCAL_STK_SetDelay_ms) refers to stk_program.o(.text.MCAL_STK_SetDelay_ms) for [Anonymous Symbol]
    startup_stm32f10x_md.o(STACK) refers (Special) to heapauxi.o(.text) for __use_two_region_memory
    startup_stm32f10x_md.o(HEAP) refers (Special) to heapauxi.o(.text) for __use_two_region_memory
    startup_stm32f10x_md.o(RESET) refers (Special) to heapauxi.o(.text) for __use_two_region_memory
    startup_stm32f10x_md.o(RESET) refers to startup_stm32f10x_md.o(STACK) for __initial_sp
    startup_stm32f10x_md.o(RESET) refers to startup_stm32f10x_md.o(.text) for Reset_Handler
    startup_stm32f10x_md.o(RESET) refers to main.o(.text.EXTI0_IRQHandler) for EXTI0_IRQHandler
    startup_stm32f10x_md.o(.text) refers (Special) to heapauxi.o(.text) for __use_two_region_memory
    startup_stm32f10x_md.o(.text) refers to system_stm32f10x.o(.text.SystemInit) for SystemInit
    startup_stm32f10x_md.o(.text) refers to __main.o(!!!main) for __main
    startup_stm32f10x_md.o(.text) refers to startup_stm32f10x_md.o(HEAP) for Heap_Mem
    startup_stm32f10x_md.o(.text) refers to startup_stm32f10x_md.o(STACK) for Stack_Mem
    system_stm32f10x.o(.text.SystemInit) refers to system_stm32f10x.o(.text.SetSysClock) for SetSysClock
    system_stm32f10x.o(.ARM.exidx.text.SystemInit) refers to system_stm32f10x.o(.text.SystemInit) for [Anonymous Symbol]
    system_stm32f10x.o(.text.SetSysClock) refers to system_stm32f10x.o(.text.SetSysClockTo72) for SetSysClockTo72
    system_stm32f10x.o(.ARM.exidx.text.SetSysClock) refers to system_stm32f10x.o(.text.SetSysClock) for [Anonymous Symbol]
    system_stm32f10x.o(.text.SystemCoreClockUpdate) refers to system_stm32f10x.o(.data.SystemCoreClock) for SystemCoreClock
    system_stm32f10x.o(.text.SystemCoreClockUpdate) refers to system_stm32f10x.o(.rodata.AHBPrescTable) for AHBPrescTable
    system_stm32f10x.o(.ARM.exidx.text.SystemCoreClockUpdate) refers to system_stm32f10x.o(.text.SystemCoreClockUpdate) for [Anonymous Symbol]
    system_stm32f10x.o(.ARM.exidx.text.SetSysClockTo72) refers to system_stm32f10x.o(.text.SetSysClockTo72) for [Anonymous Symbol]
    __main.o(!!!main) refers to __rtentry.o(.ARM.Collect$$rtentry$$00000000) for __rt_entry
    ddiv.o(x$fpl$drdiv) refers (Special) to usenofp.o(x$fpl$usenofp) for __I$use$fp
    ddiv.o(x$fpl$drdiv) refers to ddiv.o(x$fpl$ddiv) for ddiv_entry
    ddiv.o(x$fpl$ddiv) refers (Special) to usenofp.o(x$fpl$usenofp) for __I$use$fp
    ddiv.o(x$fpl$ddiv) refers to dretinf.o(x$fpl$dretinf) for __fpl_dretinf
    ddiv.o(x$fpl$ddiv) refers to dnaninf.o(x$fpl$dnaninf) for __fpl_dnaninf
    dfixu.o(x$fpl$dfixu) refers (Special) to usenofp.o(x$fpl$usenofp) for __I$use$fp
    dfixu.o(x$fpl$dfixu) refers to dnaninf.o(x$fpl$dnaninf) for __fpl_dnaninf
    dfixu.o(x$fpl$dfixur) refers (Special) to usenofp.o(x$fpl$usenofp) for __I$use$fp
    dfixu.o(x$fpl$dfixur) refers to dnaninf.o(x$fpl$dnaninf) for __fpl_dnaninf
    f2d.o(x$fpl$f2d) refers (Special) to usenofp.o(x$fpl$usenofp) for __I$use$fp
    f2d.o(x$fpl$f2d) refers to fnaninf.o(x$fpl$fnaninf) for __fpl_fnaninf
    f2d.o(x$fpl$f2d) refers to dretinf.o(x$fpl$dretinf) for __fpl_dretinf
    fmul.o(x$fpl$fmul) refers (Special) to usenofp.o(x$fpl$usenofp) for __I$use$fp
    fmul.o(x$fpl$fmul) refers to fretinf.o(x$fpl$fretinf) for __fpl_fretinf
    fmul.o(x$fpl$fmul) refers to fnaninf.o(x$fpl$fnaninf) for __fpl_fnaninf
    __rtentry.o(.ARM.Collect$$rtentry$$00000000) refers (Special) to __rtentry2.o(.ARM.Collect$$rtentry$$0000000A) for __rt_entry_li
    __rtentry.o(.ARM.Collect$$rtentry$$00000000) refers (Special) to __rtentry2.o(.ARM.Collect$$rtentry$$0000000D) for __rt_entry_main
    __rtentry.o(.ARM.Collect$$rtentry$$00000000) refers (Special) to __rtentry2.o(.ARM.Collect$$rtentry$$0000000C) for __rt_entry_postli_1
    __rtentry.o(.ARM.Collect$$rtentry$$00000000) refers (Special) to __rtentry2.o(.ARM.Collect$$rtentry$$00000009) for __rt_entry_postsh_1
    __rtentry.o(.ARM.Collect$$rtentry$$00000000) refers (Special) to __rtentry2.o(.ARM.Collect$$rtentry$$00000002) for __rt_entry_presh_1
    __rtentry.o(.ARM.Collect$$rtentry$$00000000) refers (Special) to __rtentry4.o(.ARM.Collect$$rtentry$$00000004) for __rt_entry_sh
    dnaninf.o(x$fpl$dnaninf) refers (Special) to usenofp.o(x$fpl$usenofp) for __I$use$fp
    dretinf.o(x$fpl$dretinf) refers (Special) to usenofp.o(x$fpl$usenofp) for __I$use$fp
    fnaninf.o(x$fpl$fnaninf) refers (Special) to usenofp.o(x$fpl$usenofp) for __I$use$fp
    fretinf.o(x$fpl$fretinf) refers (Special) to usenofp.o(x$fpl$usenofp) for __I$use$fp
    __rtentry2.o(.ARM.Collect$$rtentry$$00000008) refers to boardinit2.o(.text) for _platform_post_stackheap_init
    __rtentry2.o(.ARM.Collect$$rtentry$$0000000A) refers to libinit.o(.ARM.Collect$$libinit$$00000000) for __rt_lib_init
    __rtentry2.o(.ARM.Collect$$rtentry$$0000000B) refers to boardinit3.o(.text) for _platform_post_lib_init
    __rtentry2.o(.ARM.Collect$$rtentry$$0000000D) refers to main.o(.text.main) for main
    __rtentry2.o(.ARM.Collect$$rtentry$$0000000D) refers to exit.o(.text) for exit
    __rtentry2.o(.ARM.exidx) refers to __rtentry2.o(.ARM.Collect$$rtentry$$00000001) for .ARM.Collect$$rtentry$$00000001
    __rtentry2.o(.ARM.exidx) refers to __rtentry2.o(.ARM.Collect$$rtentry$$00000008) for .ARM.Collect$$rtentry$$00000008
    __rtentry2.o(.ARM.exidx) refers to __rtentry2.o(.ARM.Collect$$rtentry$$0000000A) for .ARM.Collect$$rtentry$$0000000A
    __rtentry2.o(.ARM.exidx) refers to __rtentry2.o(.ARM.Collect$$rtentry$$0000000B) for .ARM.Collect$$rtentry$$0000000B
    __rtentry2.o(.ARM.exidx) refers to __rtentry2.o(.ARM.Collect$$rtentry$$0000000D) for .ARM.Collect$$rtentry$$0000000D
    __rtentry4.o(.ARM.Collect$$rtentry$$00000004) refers to sys_stackheap_outer.o(.text) for __user_setup_stackheap
    __rtentry4.o(.ARM.exidx) refers to __rtentry4.o(.ARM.Collect$$rtentry$$00000004) for .ARM.Collect$$rtentry$$00000004
    sys_stackheap_outer.o(.text) refers to libspace.o(.text) for __user_perproc_libspace
    sys_stackheap_outer.o(.text) refers to startup_stm32f10x_md.o(.text) for __user_initial_stackheap
    exit.o(.text) refers to rtexit.o(.ARM.Collect$$rtexit$$00000000) for __rt_exit
    libinit.o(.ARM.Collect$$libinit$$00000000) refers (Special) to libinit2.o(.ARM.Collect$$libinit$$00000030) for __rt_lib_init_alloca_1
    libinit.o(.ARM.Collect$$libinit$$00000000) refers (Special) to libinit2.o(.ARM.Collect$$libinit$$0000002E) for __rt_lib_init_argv_1
    libinit.o(.ARM.Collect$$libinit$$00000000) refers (Special) to libinit2.o(.ARM.Collect$$libinit$$0000001D) for __rt_lib_init_atexit_1
    libinit.o(.ARM.Collect$$libinit$$00000000) refers (Special) to libinit2.o(.ARM.Collect$$libinit$$00000023) for __rt_lib_init_clock_1
    libinit.o(.ARM.Collect$$libinit$$00000000) refers (Special) to libinit2.o(.ARM.Collect$$libinit$$00000034) for __rt_lib_init_cpp_1
    libinit.o(.ARM.Collect$$libinit$$00000000) refers (Special) to libinit2.o(.ARM.Collect$$libinit$$00000032) for __rt_lib_init_exceptions_1
    libinit.o(.ARM.Collect$$libinit$$00000000) refers (Special) to libinit2.o(.ARM.Collect$$libinit$$00000002) for __rt_lib_init_fp_1
    libinit.o(.ARM.Collect$$libinit$$00000000) refers (Special) to libinit2.o(.ARM.Collect$$libinit$$00000021) for __rt_lib_init_fp_trap_1
    libinit.o(.ARM.Collect$$libinit$$00000000) refers (Special) to libinit2.o(.ARM.Collect$$libinit$$00000025) for __rt_lib_init_getenv_1
    libinit.o(.ARM.Collect$$libinit$$00000000) refers (Special) to libinit2.o(.ARM.Collect$$libinit$$0000000C) for __rt_lib_init_heap_1
    libinit.o(.ARM.Collect$$libinit$$00000000) refers (Special) to libinit2.o(.ARM.Collect$$libinit$$00000013) for __rt_lib_init_lc_collate_1
    libinit.o(.ARM.Collect$$libinit$$00000000) refers (Special) to libinit2.o(.ARM.Collect$$libinit$$00000015) for __rt_lib_init_lc_ctype_1
    libinit.o(.ARM.Collect$$libinit$$00000000) refers (Special) to libinit2.o(.ARM.Collect$$libinit$$00000017) for __rt_lib_init_lc_monetary_1
    libinit.o(.ARM.Collect$$libinit$$00000000) refers (Special) to libinit2.o(.ARM.Collect$$libinit$$00000019) for __rt_lib_init_lc_numeric_1
    libinit.o(.ARM.Collect$$libinit$$00000000) refers (Special) to libinit2.o(.ARM.Collect$$libinit$$0000001B) for __rt_lib_init_lc_time_1
    libinit.o(.ARM.Collect$$libinit$$00000000) refers (Special) to libinit2.o(.ARM.Collect$$libinit$$00000006) for __rt_lib_init_preinit_1
    libinit.o(.ARM.Collect$$libinit$$00000000) refers (Special) to libinit2.o(.ARM.Collect$$libinit$$00000010) for __rt_lib_init_rand_1
    libinit.o(.ARM.Collect$$libinit$$00000000) refers (Special) to libinit2.o(.ARM.Collect$$libinit$$00000004) for __rt_lib_init_relocate_pie_1
    libinit.o(.ARM.Collect$$libinit$$00000000) refers (Special) to libinit2.o(.ARM.Collect$$libinit$$00000035) for __rt_lib_init_return
    libinit.o(.ARM.Collect$$libinit$$00000000) refers (Special) to libinit2.o(.ARM.Collect$$libinit$$0000001F) for __rt_lib_init_signal_1
    libinit.o(.ARM.Collect$$libinit$$00000000) refers (Special) to libinit2.o(.ARM.Collect$$libinit$$00000027) for __rt_lib_init_stdio_1
    libinit.o(.ARM.Collect$$libinit$$00000000) refers (Special) to libinit2.o(.ARM.Collect$$libinit$$0000000E) for __rt_lib_init_user_alloc_1
    libspace.o(.text) refers to libspace.o(.bss) for __libspace_start
    rtexit.o(.ARM.Collect$$rtexit$$00000000) refers (Special) to rtexit2.o(.ARM.Collect$$rtexit$$00000004) for __rt_exit_exit
    rtexit.o(.ARM.Collect$$rtexit$$00000000) refers (Special) to rtexit2.o(.ARM.Collect$$rtexit$$00000003) for __rt_exit_ls
    rtexit.o(.ARM.Collect$$rtexit$$00000000) refers (Special) to rtexit2.o(.ARM.Collect$$rtexit$$00000002) for __rt_exit_prels_1
    rtexit.o(.ARM.exidx) refers (Special) to rtexit2.o(.ARM.Collect$$rtexit$$00000004) for __rt_exit_exit
    rtexit.o(.ARM.exidx) refers (Special) to rtexit2.o(.ARM.Collect$$rtexit$$00000003) for __rt_exit_ls
    rtexit.o(.ARM.exidx) refers (Special) to rtexit2.o(.ARM.Collect$$rtexit$$00000002) for __rt_exit_prels_1
    rtexit.o(.ARM.exidx) refers to rtexit.o(.ARM.Collect$$rtexit$$00000000) for .ARM.Collect$$rtexit$$00000000
    libinit2.o(.ARM.Collect$$libinit$$00000012) refers to libinit2.o(.ARM.Collect$$libinit$$00000011) for .ARM.Collect$$libinit$$00000011
    libinit2.o(.ARM.Collect$$libinit$$00000014) refers to libinit2.o(.ARM.Collect$$libinit$$00000011) for .ARM.Collect$$libinit$$00000011
    libinit2.o(.ARM.Collect$$libinit$$00000016) refers to libinit2.o(.ARM.Collect$$libinit$$00000011) for .ARM.Collect$$libinit$$00000011
    libinit2.o(.ARM.Collect$$libinit$$00000018) refers to libinit2.o(.ARM.Collect$$libinit$$00000011) for .ARM.Collect$$libinit$$00000011
    libinit2.o(.ARM.Collect$$libinit$$0000001A) refers to libinit2.o(.ARM.Collect$$libinit$$00000011) for .ARM.Collect$$libinit$$00000011
    libinit2.o(.ARM.Collect$$libinit$$00000028) refers to argv_veneer.o(.emb_text) for __ARM_argv_veneer
    libinit2.o(.ARM.Collect$$libinit$$00000029) refers to argv_veneer.o(.emb_text) for __ARM_argv_veneer
    rtexit2.o(.ARM.Collect$$rtexit$$00000003) refers to libshutdown.o(.ARM.Collect$$libshutdown$$00000000) for __rt_lib_shutdown
    rtexit2.o(.ARM.Collect$$rtexit$$00000004) refers to sys_exit.o(.text) for _sys_exit
    rtexit2.o(.ARM.exidx) refers to rtexit2.o(.ARM.Collect$$rtexit$$00000001) for .ARM.Collect$$rtexit$$00000001
    rtexit2.o(.ARM.exidx) refers to rtexit2.o(.ARM.Collect$$rtexit$$00000003) for .ARM.Collect$$rtexit$$00000003
    rtexit2.o(.ARM.exidx) refers to rtexit2.o(.ARM.Collect$$rtexit$$00000004) for .ARM.Collect$$rtexit$$00000004
    argv_veneer.o(.emb_text) refers to no_argv.o(.text) for __ARM_get_argv
    sys_exit.o(.text) refers (Special) to use_no_semi.o(.text) for __I$use$semihosting
    sys_exit.o(.text) refers (Special) to indicate_semi.o(.text) for __semihosting_library_function
    sys_exit_hlt.o(.text) refers (Special) to use_no_semi.o(.text) for __I$use$semihosting
    sys_exit_hlt.o(.text) refers (Special) to indicate_semi.o(.text) for __semihosting_library_function
    _get_argv_nomalloc.o(.text) refers (Special) to hrguard.o(.text) for __heap_region$guard
    _get_argv_nomalloc.o(.text) refers to defsig_rtmem_outer.o(.text) for __rt_SIGRTMEM
    _get_argv_nomalloc.o(.text) refers to sys_command.o(.text) for _sys_command_string
    libshutdown.o(.ARM.Collect$$libshutdown$$00000000) refers (Special) to libshutdown2.o(.ARM.Collect$$libshutdown$$00000002) for __rt_lib_shutdown_cpp_1
    libshutdown.o(.ARM.Collect$$libshutdown$$00000000) refers (Special) to libshutdown2.o(.ARM.Collect$$libshutdown$$00000007) for __rt_lib_shutdown_fp_trap_1
    libshutdown.o(.ARM.Collect$$libshutdown$$00000000) refers (Special) to libshutdown2.o(.ARM.Collect$$libshutdown$$0000000F) for __rt_lib_shutdown_heap_1
    libshutdown.o(.ARM.Collect$$libshutdown$$00000000) refers (Special) to libshutdown2.o(.ARM.Collect$$libshutdown$$00000010) for __rt_lib_shutdown_return
    libshutdown.o(.ARM.Collect$$libshutdown$$00000000) refers (Special) to libshutdown2.o(.ARM.Collect$$libshutdown$$0000000A) for __rt_lib_shutdown_signal_1
    libshutdown.o(.ARM.Collect$$libshutdown$$00000000) refers (Special) to libshutdown2.o(.ARM.Collect$$libshutdown$$00000004) for __rt_lib_shutdown_stdio_1
    libshutdown.o(.ARM.Collect$$libshutdown$$00000000) refers (Special) to libshutdown2.o(.ARM.Collect$$libshutdown$$0000000C) for __rt_lib_shutdown_user_alloc_1
    sys_command.o(.text) refers (Special) to use_no_semi.o(.text) for __I$use$semihosting
    sys_command.o(.text) refers (Special) to indicate_semi.o(.text) for __semihosting_library_function
    sys_command_hlt.o(.text) refers (Special) to use_no_semi.o(.text) for __I$use$semihosting
    sys_command_hlt.o(.text) refers (Special) to indicate_semi.o(.text) for __semihosting_library_function
    defsig_rtmem_outer.o(.text) refers to defsig_rtmem_inner.o(.text) for __rt_SIGRTMEM_inner
    defsig_rtmem_outer.o(.text) refers to defsig_exit.o(.text) for __sig_exit
    defsig_rtmem_formal.o(.text) refers to rt_raise.o(.text) for __rt_raise
    rt_raise.o(.text) refers to __raise.o(.text) for __raise
    rt_raise.o(.text) refers to sys_exit.o(.text) for _sys_exit
    defsig_exit.o(.text) refers to sys_exit.o(.text) for _sys_exit
    defsig_rtmem_inner.o(.text) refers to defsig_general.o(.text) for __default_signal_display
    __raise.o(.text) refers to defsig.o(CL$$defsig) for __default_signal_handler
    defsig_general.o(.text) refers to sys_wrch.o(.text) for _ttywrch
    sys_wrch.o(.text) refers (Special) to use_no_semi.o(.text) for __I$use$semihosting
    sys_wrch.o(.text) refers (Special) to indicate_semi.o(.text) for __semihosting_library_function
    sys_wrch_hlt.o(.text) refers (Special) to use_no_semi.o(.text) for __I$use$semihosting
    sys_wrch_hlt.o(.text) refers (Special) to indicate_semi.o(.text) for __semihosting_library_function
    defsig.o(CL$$defsig) refers to defsig_rtmem_inner.o(.text) for __rt_SIGRTMEM_inner
    defsig_abrt_inner.o(.text) refers to defsig_general.o(.text) for __default_signal_display
    defsig_fpe_inner.o(.text) refers to defsig_general.o(.text) for __default_signal_display
    defsig_rtred_inner.o(.text) refers to defsig_general.o(.text) for __default_signal_display
    defsig_stak_inner.o(.text) refers to defsig_general.o(.text) for __default_signal_display
    defsig_pvfn_inner.o(.text) refers to defsig_general.o(.text) for __default_signal_display
    defsig_cppl_inner.o(.text) refers to defsig_general.o(.text) for __default_signal_display
    defsig_segv_inner.o(.text) refers to defsig_general.o(.text) for __default_signal_display
    defsig_other.o(.text) refers to defsig_general.o(.text) for __default_signal_display


==============================================================================

Removing Unused input sections from the image.

    Removing afio_program.o(.text), (0 bytes).
    Removing afio_program.o(.text.MCAL_AFIO_SetRemap), (120 bytes).
    Removing afio_program.o(.ARM.exidx.text.MCAL_AFIO_SetRemap), (8 bytes).
    Removing afio_program.o(.text.MCAL_AFIO_SetDebugPort), (64 bytes).
    Removing afio_program.o(.ARM.exidx.text.MCAL_AFIO_SetDebugPort), (8 bytes).
    Removing afio_program.o(.text.AFIO_MAPR_ADC2ETRGREGRemap), (60 bytes).
    Removing afio_program.o(.ARM.exidx.text.AFIO_MAPR_ADC2ETRGREGRemap), (8 bytes).
    Removing afio_program.o(.text.AFIO_MAPR_ADC2ETRGINJRemap), (60 bytes).
    Removing afio_program.o(.ARM.exidx.text.AFIO_MAPR_ADC2ETRGINJRemap), (8 bytes).
    Removing afio_program.o(.ARM.exidx.text.MCAL_AFIO_SetEXTIConfiguration), (8 bytes).
    Removing exti_program.o(.text), (0 bytes).
    Removing exti_program.o(.text.EXTI_vInit), (370 bytes).
    Removing exti_program.o(.ARM.exidx.text.EXTI_vInit), (8 bytes).
    Removing exti_program.o(.ARM.exidx.text.EXTI_InitForGPIO), (8 bytes).
    Removing exti_program.o(.ARM.exidx.text.EXTI_EnableLine), (8 bytes).
    Removing exti_program.o(.text.EXTI_DisableLine), (90 bytes).
    Removing exti_program.o(.ARM.exidx.text.EXTI_DisableLine), (8 bytes).
    Removing exti_program.o(.text.EXTI_SetTrigger), (236 bytes).
    Removing exti_program.o(.ARM.exidx.text.EXTI_SetTrigger), (8 bytes).
    Removing exti_program.o(.ARM.exidx.text.EXTI_Exit_IRQHandler), (8 bytes).
    Removing exti_program.o(.data.EXTI_Configurations), (16 bytes).
    Removing gpio_program.o(.text), (0 bytes).
    Removing gpio_program.o(.ARM.exidx.text.MCAL_GPIO_SetPinMode), (8 bytes).
    Removing gpio_program.o(.ARM.exidx.text.MCAL_GPIO_SetPinValue), (8 bytes).
    Removing gpio_program.o(.ARM.exidx.text.MCAL_GPIO_GetPinValue), (8 bytes).
    Removing gpio_program.o(.ARM.exidx.text.MCAL_GPIO_TogglePin), (8 bytes).
    Removing rcc_program.o(.text), (0 bytes).
    Removing rcc_program.o(.ARM.exidx.text.MCAL_RCC_InitSysClock), (8 bytes).
    Removing rcc_program.o(.ARM.exidx.text.MCAL_RCC_EnablePeripheral), (8 bytes).
    Removing rcc_program.o(.text.MCAL_RCC_DisablePeripheral), (150 bytes).
    Removing rcc_program.o(.ARM.exidx.text.MCAL_RCC_DisablePeripheral), (8 bytes).
    Removing main.o(.text), (0 bytes).
    Removing main.o(.ARM.exidx.text.main), (8 bytes).
    Removing main.o(.ARM.exidx.text.EXTI0_IRQHandler), (8 bytes).
    Removing main.o(.ARM.use_no_argv), (4 bytes).
    Removing nvic_program.o(.text), (0 bytes).
    Removing nvic_program.o(.ARM.exidx.text.MCAL_NVIC_EnableIRQ), (8 bytes).
    Removing nvic_program.o(.text.MCAL_NVIC_DisableIRQ), (148 bytes).
    Removing nvic_program.o(.ARM.exidx.text.MCAL_NVIC_DisableIRQ), (8 bytes).
    Removing nvic_program.o(.text.MCAL_NVIC_SetPendingIRQ), (148 bytes).
    Removing nvic_program.o(.ARM.exidx.text.MCAL_NVIC_SetPendingIRQ), (8 bytes).
    Removing nvic_program.o(.ARM.exidx.text.MCAL_NVIC_ClearPendingIRQ), (8 bytes).
    Removing nvic_program.o(.text.MCAL_NVIC_GetPendingIRQ), (216 bytes).
    Removing nvic_program.o(.ARM.exidx.text.MCAL_NVIC_GetPendingIRQ), (8 bytes).
    Removing nvic_program.o(.text.MCAL_NVIC_xSetPriority), (160 bytes).
    Removing nvic_program.o(.ARM.exidx.text.MCAL_NVIC_xSetPriority), (8 bytes).
    Removing nvic_program.o(.ARM.exidx.text.MCAL_NVIC_vSetPriority), (8 bytes).
    Removing nvic_program.o(.text.MCAL_NVIC_xGetPriority), (130 bytes).
    Removing nvic_program.o(.ARM.exidx.text.MCAL_NVIC_xGetPriority), (8 bytes).
    Removing scb_program.o(.text), (0 bytes).
    Removing scb_program.o(.ARM.exidx.text.SCB_SetPriorityGrouping), (8 bytes).
    Removing scb_program.o(.text.DisableGlobalInterrupts), (4 bytes).
    Removing scb_program.o(.ARM.exidx.text.DisableGlobalInterrupts), (8 bytes).
    Removing scb_program.o(.text.EnableGlobalInterrupts), (4 bytes).
    Removing scb_program.o(.ARM.exidx.text.EnableGlobalInterrupts), (8 bytes).
    Removing scb_program.o(.text.SCB_EnableMemFault), (18 bytes).
    Removing scb_program.o(.ARM.exidx.text.SCB_EnableMemFault), (8 bytes).
    Removing scb_program.o(.text.SCB_EnableBusFault), (18 bytes).
    Removing scb_program.o(.ARM.exidx.text.SCB_EnableBusFault), (8 bytes).
    Removing scb_program.o(.text.SCB_EnableUsageFault), (18 bytes).
    Removing scb_program.o(.ARM.exidx.text.SCB_EnableUsageFault), (8 bytes).
    Removing scb_program.o(.text.SCB_ClearMemFault), (18 bytes).
    Removing scb_program.o(.ARM.exidx.text.SCB_ClearMemFault), (8 bytes).
    Removing scb_program.o(.text.SCB_ClearBusFault), (18 bytes).
    Removing scb_program.o(.ARM.exidx.text.SCB_ClearBusFault), (8 bytes).
    Removing scb_program.o(.text.SCB_ClearUsageFault), (18 bytes).
    Removing scb_program.o(.ARM.exidx.text.SCB_ClearUsageFault), (8 bytes).
    Removing stk_program.o(.text), (0 bytes).
    Removing stk_program.o(.text.MCAL_STK_Init), (52 bytes).
    Removing stk_program.o(.ARM.exidx.text.MCAL_STK_Init), (8 bytes).
    Removing stk_program.o(.text.MCAL_STK_Start), (18 bytes).
    Removing stk_program.o(.ARM.exidx.text.MCAL_STK_Start), (8 bytes).
    Removing stk_program.o(.text.MCAL_STK_Stop), (18 bytes).
    Removing stk_program.o(.ARM.exidx.text.MCAL_STK_Stop), (8 bytes).
    Removing stk_program.o(.text.MCAL_STK_Reset), (48 bytes).
    Removing stk_program.o(.ARM.exidx.text.MCAL_STK_Reset), (8 bytes).
    Removing stk_program.o(.text.MCAL_STK_GetRemainingCounts), (12 bytes).
    Removing stk_program.o(.ARM.exidx.text.MCAL_STK_GetRemainingCounts), (8 bytes).
    Removing stk_program.o(.text.MCAL_STK_GetElapsedCounts), (98 bytes).
    Removing stk_program.o(.ARM.exidx.text.MCAL_STK_GetElapsedCounts), (8 bytes).
    Removing stk_program.o(.text.MCAL_STK_SetBusyWait), (308 bytes).
    Removing stk_program.o(.ARM.exidx.text.MCAL_STK_SetBusyWait), (8 bytes).
    Removing stk_program.o(.ARM.exidx.text.MCAL_STK_SetDelay_ms), (8 bytes).
    Removing stk_program.o(.bss.MCAL_STK_GetElapsedCounts.Local_PreviousValue), (4 bytes).
    Removing system_stm32f10x.o(.text), (0 bytes).
    Removing system_stm32f10x.o(.ARM.exidx.text.SystemInit), (8 bytes).
    Removing system_stm32f10x.o(.ARM.exidx.text.SetSysClock), (8 bytes).
    Removing system_stm32f10x.o(.text.SystemCoreClockUpdate), (290 bytes).
    Removing system_stm32f10x.o(.ARM.exidx.text.SystemCoreClockUpdate), (8 bytes).
    Removing system_stm32f10x.o(.ARM.exidx.text.SetSysClockTo72), (8 bytes).
    Removing system_stm32f10x.o(.data.SystemCoreClock), (4 bytes).
    Removing system_stm32f10x.o(.rodata.AHBPrescTable), (16 bytes).

92 unused section(s) (total 3348 bytes) removed from the image.

==============================================================================

Image Symbol Table

    Local Symbols

    Symbol Name                              Value     Ov Type        Size  Object(Section)

    ../clib/angel/boardlib.s                 0x00000000   Number         0  boardinit1.o ABSOLUTE
    ../clib/angel/boardlib.s                 0x00000000   Number         0  boardinit2.o ABSOLUTE
    ../clib/angel/boardlib.s                 0x00000000   Number         0  boardinit3.o ABSOLUTE
    ../clib/angel/boardlib.s                 0x00000000   Number         0  boardshut.o ABSOLUTE
    ../clib/angel/handlers.s                 0x00000000   Number         0  __scatter_zi.o ABSOLUTE
    ../clib/angel/kernel.s                   0x00000000   Number         0  __rtentry.o ABSOLUTE
    ../clib/angel/kernel.s                   0x00000000   Number         0  __rtentry2.o ABSOLUTE
    ../clib/angel/kernel.s                   0x00000000   Number         0  __rtentry4.o ABSOLUTE
    ../clib/angel/kernel.s                   0x00000000   Number         0  rtexit.o ABSOLUTE
    ../clib/angel/kernel.s                   0x00000000   Number         0  rtexit2.o ABSOLUTE
    ../clib/angel/rt.s                       0x00000000   Number         0  rt_raise.o ABSOLUTE
    ../clib/angel/scatter.s                  0x00000000   Number         0  __scatter.o ABSOLUTE
    ../clib/angel/startup.s                  0x00000000   Number         0  __main.o ABSOLUTE
    ../clib/angel/sys.s                      0x00000000   Number         0  sys_stackheap_outer.o ABSOLUTE
    ../clib/angel/sys.s                      0x00000000   Number         0  libspace.o ABSOLUTE
    ../clib/angel/sys.s                      0x00000000   Number         0  use_no_semi.o ABSOLUTE
    ../clib/angel/sys.s                      0x00000000   Number         0  indicate_semi.o ABSOLUTE
    ../clib/angel/sysapp.c                   0x00000000   Number         0  sys_exit.o ABSOLUTE
    ../clib/angel/sysapp.c                   0x00000000   Number         0  sys_exit_hlt.o ABSOLUTE
    ../clib/angel/sysapp.c                   0x00000000   Number         0  sys_command.o ABSOLUTE
    ../clib/angel/sysapp.c                   0x00000000   Number         0  sys_command_hlt.o ABSOLUTE
    ../clib/angel/sysapp.c                   0x00000000   Number         0  sys_wrch.o ABSOLUTE
    ../clib/angel/sysapp.c                   0x00000000   Number         0  sys_wrch_hlt.o ABSOLUTE
    ../clib/armsys.c                         0x00000000   Number         0  argv_veneer.o ABSOLUTE
    ../clib/armsys.c                         0x00000000   Number         0  argv_veneer.o ABSOLUTE
    ../clib/armsys.c                         0x00000000   Number         0  _get_argv_nomalloc.o ABSOLUTE
    ../clib/armsys.c                         0x00000000   Number         0  no_argv.o ABSOLUTE
    ../clib/heapalloc.c                      0x00000000   Number         0  hrguard.o ABSOLUTE
    ../clib/heapaux.c                        0x00000000   Number         0  heapauxi.o ABSOLUTE
    ../clib/irq.c                            0x00000000   Number         0  irqnopfx.o ABSOLUTE
    ../clib/libinit.s                        0x00000000   Number         0  libinit.o ABSOLUTE
    ../clib/libinit.s                        0x00000000   Number         0  libinit2.o ABSOLUTE
    ../clib/libinit.s                        0x00000000   Number         0  libshutdown.o ABSOLUTE
    ../clib/libinit.s                        0x00000000   Number         0  libshutdown2.o ABSOLUTE
    ../clib/signal.c                         0x00000000   Number         0  defsig_rtmem_outer.o ABSOLUTE
    ../clib/signal.c                         0x00000000   Number         0  defsig_rtmem_formal.o ABSOLUTE
    ../clib/signal.c                         0x00000000   Number         0  defsig_exit.o ABSOLUTE
    ../clib/signal.c                         0x00000000   Number         0  defsig_rtmem_inner.o ABSOLUTE
    ../clib/signal.c                         0x00000000   Number         0  __raise.o ABSOLUTE
    ../clib/signal.c                         0x00000000   Number         0  defsig_general.o ABSOLUTE
    ../clib/signal.c                         0x00000000   Number         0  defsig_abrt_inner.o ABSOLUTE
    ../clib/signal.c                         0x00000000   Number         0  defsig_fpe_inner.o ABSOLUTE
    ../clib/signal.c                         0x00000000   Number         0  defsig_rtred_inner.o ABSOLUTE
    ../clib/signal.c                         0x00000000   Number         0  defsig_stak_inner.o ABSOLUTE
    ../clib/signal.c                         0x00000000   Number         0  defsig_pvfn_inner.o ABSOLUTE
    ../clib/signal.c                         0x00000000   Number         0  defsig_cppl_inner.o ABSOLUTE
    ../clib/signal.c                         0x00000000   Number         0  defsig_segv_inner.o ABSOLUTE
    ../clib/signal.c                         0x00000000   Number         0  defsig_other.o ABSOLUTE
    ../clib/signal.s                         0x00000000   Number         0  defsig.o ABSOLUTE
    ../clib/stdlib.c                         0x00000000   Number         0  exit.o ABSOLUTE
    ../fplib/ddiv.s                          0x00000000   Number         0  ddiv.o ABSOLUTE
    ../fplib/dfixu.s                         0x00000000   Number         0  dfixu.o ABSOLUTE
    ../fplib/dnaninf.s                       0x00000000   Number         0  dnaninf.o ABSOLUTE
    ../fplib/dretinf.s                       0x00000000   Number         0  dretinf.o ABSOLUTE
    ../fplib/f2d.s                           0x00000000   Number         0  f2d.o ABSOLUTE
    ../fplib/fmul.s                          0x00000000   Number         0  fmul.o ABSOLUTE
    ../fplib/fnaninf.s                       0x00000000   Number         0  fnaninf.o ABSOLUTE
    ../fplib/fpinit.s                        0x00000000   Number         0  fpinit.o ABSOLUTE
    ../fplib/fpinit_empty.s                  0x00000000   Number         0  fpinit_empty.o ABSOLUTE
    ../fplib/fretinf.s                       0x00000000   Number         0  fretinf.o ABSOLUTE
    ../fplib/usenofp.s                       0x00000000   Number         0  usenofp.o ABSOLUTE
    AFIO_program.c                           0x00000000   Number         0  afio_program.o ABSOLUTE
    EXTI_program.c                           0x00000000   Number         0  exti_program.o ABSOLUTE
    GPIO_program.c                           0x00000000   Number         0  gpio_program.o ABSOLUTE
    NVIC_Program.c                           0x00000000   Number         0  nvic_program.o ABSOLUTE
    RCC_program.c                            0x00000000   Number         0  rcc_program.o ABSOLUTE
    RTE/Device/STM32F103C8/startup_stm32f10x_md.s 0x00000000   Number         0  startup_stm32f10x_md.o ABSOLUTE
    SCB_program.c                            0x00000000   Number         0  scb_program.o ABSOLUTE
    STK_program.c                            0x00000000   Number         0  stk_program.o ABSOLUTE
    dc.s                                     0x00000000   Number         0  dc.o ABSOLUTE
    main.c                                   0x00000000   Number         0  main.o ABSOLUTE
    system_stm32f10x.c                       0x00000000   Number         0  system_stm32f10x.o ABSOLUTE
    RESET                                    0x08000000   Section      236  startup_stm32f10x_md.o(RESET)
    !!!main                                  0x080000ec   Section        8  __main.o(!!!main)
    !!!scatter                               0x080000f4   Section       52  __scatter.o(!!!scatter)
    !!handler_zi                             0x08000128   Section       28  __scatter_zi.o(!!handler_zi)
    .ARM.Collect$$libinit$$00000000          0x08000144   Section        2  libinit.o(.ARM.Collect$$libinit$$00000000)
    .ARM.Collect$$libinit$$00000002          0x08000146   Section        0  libinit2.o(.ARM.Collect$$libinit$$00000002)
    .ARM.Collect$$libinit$$00000004          0x08000146   Section        0  libinit2.o(.ARM.Collect$$libinit$$00000004)
    .ARM.Collect$$libinit$$00000006          0x08000146   Section        0  libinit2.o(.ARM.Collect$$libinit$$00000006)
    .ARM.Collect$$libinit$$0000000C          0x08000146   Section        0  libinit2.o(.ARM.Collect$$libinit$$0000000C)
    .ARM.Collect$$libinit$$0000000E          0x08000146   Section        0  libinit2.o(.ARM.Collect$$libinit$$0000000E)
    .ARM.Collect$$libinit$$00000010          0x08000146   Section        0  libinit2.o(.ARM.Collect$$libinit$$00000010)
    .ARM.Collect$$libinit$$00000013          0x08000146   Section        0  libinit2.o(.ARM.Collect$$libinit$$00000013)
    .ARM.Collect$$libinit$$00000015          0x08000146   Section        0  libinit2.o(.ARM.Collect$$libinit$$00000015)
    .ARM.Collect$$libinit$$00000017          0x08000146   Section        0  libinit2.o(.ARM.Collect$$libinit$$00000017)
    .ARM.Collect$$libinit$$00000019          0x08000146   Section        0  libinit2.o(.ARM.Collect$$libinit$$00000019)
    .ARM.Collect$$libinit$$0000001B          0x08000146   Section        0  libinit2.o(.ARM.Collect$$libinit$$0000001B)
    .ARM.Collect$$libinit$$0000001D          0x08000146   Section        0  libinit2.o(.ARM.Collect$$libinit$$0000001D)
    .ARM.Collect$$libinit$$0000001F          0x08000146   Section        0  libinit2.o(.ARM.Collect$$libinit$$0000001F)
    .ARM.Collect$$libinit$$00000021          0x08000146   Section        0  libinit2.o(.ARM.Collect$$libinit$$00000021)
    .ARM.Collect$$libinit$$00000023          0x08000146   Section        0  libinit2.o(.ARM.Collect$$libinit$$00000023)
    .ARM.Collect$$libinit$$00000025          0x08000146   Section        0  libinit2.o(.ARM.Collect$$libinit$$00000025)
    .ARM.Collect$$libinit$$00000027          0x08000146   Section        0  libinit2.o(.ARM.Collect$$libinit$$00000027)
    .ARM.Collect$$libinit$$0000002E          0x08000146   Section        0  libinit2.o(.ARM.Collect$$libinit$$0000002E)
    .ARM.Collect$$libinit$$00000030          0x08000146   Section        0  libinit2.o(.ARM.Collect$$libinit$$00000030)
    .ARM.Collect$$libinit$$00000032          0x08000146   Section        0  libinit2.o(.ARM.Collect$$libinit$$00000032)
    .ARM.Collect$$libinit$$00000034          0x08000146   Section        0  libinit2.o(.ARM.Collect$$libinit$$00000034)
    .ARM.Collect$$libinit$$00000035          0x08000146   Section        2  libinit2.o(.ARM.Collect$$libinit$$00000035)
    .ARM.Collect$$libshutdown$$00000000      0x08000148   Section        2  libshutdown.o(.ARM.Collect$$libshutdown$$00000000)
    .ARM.Collect$$libshutdown$$00000002      0x0800014a   Section        0  libshutdown2.o(.ARM.Collect$$libshutdown$$00000002)
    .ARM.Collect$$libshutdown$$00000004      0x0800014a   Section        0  libshutdown2.o(.ARM.Collect$$libshutdown$$00000004)
    .ARM.Collect$$libshutdown$$00000007      0x0800014a   Section        0  libshutdown2.o(.ARM.Collect$$libshutdown$$00000007)
    .ARM.Collect$$libshutdown$$0000000A      0x0800014a   Section        0  libshutdown2.o(.ARM.Collect$$libshutdown$$0000000A)
    .ARM.Collect$$libshutdown$$0000000C      0x0800014a   Section        0  libshutdown2.o(.ARM.Collect$$libshutdown$$0000000C)
    .ARM.Collect$$libshutdown$$0000000F      0x0800014a   Section        0  libshutdown2.o(.ARM.Collect$$libshutdown$$0000000F)
    .ARM.Collect$$libshutdown$$00000010      0x0800014a   Section        2  libshutdown2.o(.ARM.Collect$$libshutdown$$00000010)
    .ARM.Collect$$rtentry$$00000000          0x0800014c   Section        0  __rtentry.o(.ARM.Collect$$rtentry$$00000000)
    .ARM.Collect$$rtentry$$00000002          0x0800014c   Section        0  __rtentry2.o(.ARM.Collect$$rtentry$$00000002)
    .ARM.Collect$$rtentry$$00000004          0x0800014c   Section        6  __rtentry4.o(.ARM.Collect$$rtentry$$00000004)
    .ARM.Collect$$rtentry$$00000009          0x08000152   Section        0  __rtentry2.o(.ARM.Collect$$rtentry$$00000009)
    .ARM.Collect$$rtentry$$0000000A          0x08000152   Section        4  __rtentry2.o(.ARM.Collect$$rtentry$$0000000A)
    .ARM.Collect$$rtentry$$0000000C          0x08000156   Section        0  __rtentry2.o(.ARM.Collect$$rtentry$$0000000C)
    .ARM.Collect$$rtentry$$0000000D          0x08000156   Section        8  __rtentry2.o(.ARM.Collect$$rtentry$$0000000D)
    .ARM.Collect$$rtexit$$00000000           0x0800015e   Section        2  rtexit.o(.ARM.Collect$$rtexit$$00000000)
    .ARM.Collect$$rtexit$$00000002           0x08000160   Section        0  rtexit2.o(.ARM.Collect$$rtexit$$00000002)
    .ARM.Collect$$rtexit$$00000003           0x08000160   Section        4  rtexit2.o(.ARM.Collect$$rtexit$$00000003)
    .ARM.Collect$$rtexit$$00000004           0x08000164   Section        6  rtexit2.o(.ARM.Collect$$rtexit$$00000004)
    .text                                    0x0800016c   Section       64  startup_stm32f10x_md.o(.text)
    .text                                    0x080001ac   Section        0  heapauxi.o(.text)
    .text                                    0x080001b2   Section       74  sys_stackheap_outer.o(.text)
    .text                                    0x080001fc   Section        0  exit.o(.text)
    .text                                    0x08000210   Section        8  libspace.o(.text)
    .text                                    0x08000218   Section        0  sys_exit.o(.text)
    .text                                    0x08000224   Section        2  use_no_semi.o(.text)
    .text                                    0x08000226   Section        0  indicate_semi.o(.text)
    [Anonymous Symbol]                       0x08000228   Section        0  main.o(.text.EXTI0_IRQHandler)
    [Anonymous Symbol]                       0x080003ac   Section        0  exti_program.o(.text.EXTI_EnableLine)
    [Anonymous Symbol]                       0x08000408   Section        0  exti_program.o(.text.EXTI_Exit_IRQHandler)
    [Anonymous Symbol]                       0x08000438   Section        0  exti_program.o(.text.EXTI_InitForGPIO)
    [Anonymous Symbol]                       0x080004d8   Section        0  afio_program.o(.text.MCAL_AFIO_SetEXTIConfiguration)
    [Anonymous Symbol]                       0x08000570   Section        0  gpio_program.o(.text.MCAL_GPIO_GetPinValue)
    [Anonymous Symbol]                       0x08000644   Section        0  gpio_program.o(.text.MCAL_GPIO_SetPinMode)
    [Anonymous Symbol]                       0x0800082c   Section        0  gpio_program.o(.text.MCAL_GPIO_SetPinValue)
    [Anonymous Symbol]                       0x08000998   Section        0  gpio_program.o(.text.MCAL_GPIO_TogglePin)
    [Anonymous Symbol]                       0x080009f8   Section        0  nvic_program.o(.text.MCAL_NVIC_ClearPendingIRQ)
    [Anonymous Symbol]                       0x08000a84   Section        0  nvic_program.o(.text.MCAL_NVIC_EnableIRQ)
    [Anonymous Symbol]                       0x08000b18   Section        0  nvic_program.o(.text.MCAL_NVIC_vSetPriority)
    [Anonymous Symbol]                       0x08000bec   Section        0  rcc_program.o(.text.MCAL_RCC_EnablePeripheral)
    [Anonymous Symbol]                       0x08000c84   Section        0  rcc_program.o(.text.MCAL_RCC_InitSysClock)
    [Anonymous Symbol]                       0x08000cd8   Section        0  stk_program.o(.text.MCAL_STK_SetDelay_ms)
    [Anonymous Symbol]                       0x08000e3c   Section        0  scb_program.o(.text.SCB_SetPriorityGrouping)
    SetSysClock                              0x08000e51   Thumb Code     8  system_stm32f10x.o(.text.SetSysClock)
    [Anonymous Symbol]                       0x08000e50   Section        0  system_stm32f10x.o(.text.SetSysClock)
    SetSysClockTo72                          0x08000e59   Thumb Code   290  system_stm32f10x.o(.text.SetSysClockTo72)
    [Anonymous Symbol]                       0x08000e58   Section        0  system_stm32f10x.o(.text.SetSysClockTo72)
    [Anonymous Symbol]                       0x08000f7c   Section        0  system_stm32f10x.o(.text.SystemInit)
    [Anonymous Symbol]                       0x08000fe4   Section        0  main.o(.text.main)
    x$fpl$ddiv                               0x08001124   Section      692  ddiv.o(x$fpl$ddiv)
    ddiv_entry                               0x0800112b   Thumb Code     0  ddiv.o(x$fpl$ddiv)
    x$fpl$dfixu                              0x080013d8   Section       90  dfixu.o(x$fpl$dfixu)
    x$fpl$dnaninf                            0x08001432   Section      156  dnaninf.o(x$fpl$dnaninf)
    x$fpl$dretinf                            0x080014ce   Section       12  dretinf.o(x$fpl$dretinf)
    x$fpl$f2d                                0x080014dc   Section       86  f2d.o(x$fpl$f2d)
    x$fpl$fmul                               0x08001534   Section      258  fmul.o(x$fpl$fmul)
    x$fpl$fnaninf                            0x08001636   Section      140  fnaninf.o(x$fpl$fnaninf)
    x$fpl$fretinf                            0x080016c2   Section       10  fretinf.o(x$fpl$fretinf)
    x$fpl$usenofp                            0x080016cc   Section        0  usenofp.o(x$fpl$usenofp)
    .bss                                     0x20000000   Section       96  libspace.o(.bss)
    Heap_Mem                                 0x20000060   Data         512  startup_stm32f10x_md.o(HEAP)
    HEAP                                     0x20000060   Section      512  startup_stm32f10x_md.o(HEAP)
    Stack_Mem                                0x20000260   Data        1024  startup_stm32f10x_md.o(STACK)
    STACK                                    0x20000260   Section     1024  startup_stm32f10x_md.o(STACK)
    __initial_sp                             0x20000660   Data           0  startup_stm32f10x_md.o(STACK)

    Global Symbols

    Symbol Name                              Value     Ov Type        Size  Object(Section)

    BuildAttributes$$THM_ISAv4$P$D$K$B$S$PE$A:L22UL41UL21$X:L11$S22US41US21$IEEE1$IW$~IW$USESV6$~STKCKD$USESV7$~SHL$OSPACE$ROPI$EBA8$UX$STANDARDLIB$REQ8$PRES8$EABIv2 0x00000000   Number         0  anon$$obj.o ABSOLUTE
    __fp_init_empty                          0x00000000   Number         0  fpinit_empty.o ABSOLUTE
    __ARM_exceptions_init                     - Undefined Weak Reference
    __alloca_initialize                       - Undefined Weak Reference
    __arm_preinit_                            - Undefined Weak Reference
    __arm_relocate_pie_                       - Undefined Weak Reference
    __cpp_initialize__aeabi_                  - Undefined Weak Reference
    __cxa_finalize                            - Undefined Weak Reference
    __rt_locale                               - Undefined Weak Reference
    __sigvec_lookup                           - Undefined Weak Reference
    _atexit_init                              - Undefined Weak Reference
    _call_atexit_fns                          - Undefined Weak Reference
    _clock_init                               - Undefined Weak Reference
    _fp_trap_init                             - Undefined Weak Reference
    _fp_trap_shutdown                         - Undefined Weak Reference
    _get_lc_collate                           - Undefined Weak Reference
    _get_lc_ctype                             - Undefined Weak Reference
    _get_lc_monetary                          - Undefined Weak Reference
    _get_lc_numeric                           - Undefined Weak Reference
    _get_lc_time                              - Undefined Weak Reference
    _getenv_init                              - Undefined Weak Reference
    _handle_redirection                       - Undefined Weak Reference
    _init_alloc                               - Undefined Weak Reference
    _init_user_alloc                          - Undefined Weak Reference
    _initio                                   - Undefined Weak Reference
    _rand_init                                - Undefined Weak Reference
    _signal_finish                            - Undefined Weak Reference
    _signal_init                              - Undefined Weak Reference
    _terminate_alloc                          - Undefined Weak Reference
    _terminate_user_alloc                     - Undefined Weak Reference
    _terminateio                              - Undefined Weak Reference
    __Vectors_Size                           0x000000ec   Number         0  startup_stm32f10x_md.o ABSOLUTE
    __Vectors                                0x08000000   Data           4  startup_stm32f10x_md.o(RESET)
    __Vectors_End                            0x080000ec   Data           0  startup_stm32f10x_md.o(RESET)
    __main                                   0x080000ed   Thumb Code     8  __main.o(!!!main)
    __scatterload                            0x080000f5   Thumb Code     0  __scatter.o(!!!scatter)
    __scatterload_rt2                        0x080000f5   Thumb Code    44  __scatter.o(!!!scatter)
    __scatterload_rt2_thumb_only             0x080000f5   Thumb Code     0  __scatter.o(!!!scatter)
    __scatterload_null                       0x08000103   Thumb Code     0  __scatter.o(!!!scatter)
    __scatterload_zeroinit                   0x08000129   Thumb Code    28  __scatter_zi.o(!!handler_zi)
    __rt_lib_init                            0x08000145   Thumb Code     0  libinit.o(.ARM.Collect$$libinit$$00000000)
    __rt_lib_init_alloca_1                   0x08000147   Thumb Code     0  libinit2.o(.ARM.Collect$$libinit$$00000030)
    __rt_lib_init_argv_1                     0x08000147   Thumb Code     0  libinit2.o(.ARM.Collect$$libinit$$0000002E)
    __rt_lib_init_atexit_1                   0x08000147   Thumb Code     0  libinit2.o(.ARM.Collect$$libinit$$0000001D)
    __rt_lib_init_clock_1                    0x08000147   Thumb Code     0  libinit2.o(.ARM.Collect$$libinit$$00000023)
    __rt_lib_init_cpp_1                      0x08000147   Thumb Code     0  libinit2.o(.ARM.Collect$$libinit$$00000034)
    __rt_lib_init_exceptions_1               0x08000147   Thumb Code     0  libinit2.o(.ARM.Collect$$libinit$$00000032)
    __rt_lib_init_fp_1                       0x08000147   Thumb Code     0  libinit2.o(.ARM.Collect$$libinit$$00000002)
    __rt_lib_init_fp_trap_1                  0x08000147   Thumb Code     0  libinit2.o(.ARM.Collect$$libinit$$00000021)
    __rt_lib_init_getenv_1                   0x08000147   Thumb Code     0  libinit2.o(.ARM.Collect$$libinit$$00000025)
    __rt_lib_init_heap_1                     0x08000147   Thumb Code     0  libinit2.o(.ARM.Collect$$libinit$$0000000C)
    __rt_lib_init_lc_collate_1               0x08000147   Thumb Code     0  libinit2.o(.ARM.Collect$$libinit$$00000013)
    __rt_lib_init_lc_ctype_1                 0x08000147   Thumb Code     0  libinit2.o(.ARM.Collect$$libinit$$00000015)
    __rt_lib_init_lc_monetary_1              0x08000147   Thumb Code     0  libinit2.o(.ARM.Collect$$libinit$$00000017)
    __rt_lib_init_lc_numeric_1               0x08000147   Thumb Code     0  libinit2.o(.ARM.Collect$$libinit$$00000019)
    __rt_lib_init_lc_time_1                  0x08000147   Thumb Code     0  libinit2.o(.ARM.Collect$$libinit$$0000001B)
    __rt_lib_init_preinit_1                  0x08000147   Thumb Code     0  libinit2.o(.ARM.Collect$$libinit$$00000006)
    __rt_lib_init_rand_1                     0x08000147   Thumb Code     0  libinit2.o(.ARM.Collect$$libinit$$00000010)
    __rt_lib_init_relocate_pie_1             0x08000147   Thumb Code     0  libinit2.o(.ARM.Collect$$libinit$$00000004)
    __rt_lib_init_return                     0x08000147   Thumb Code     0  libinit2.o(.ARM.Collect$$libinit$$00000035)
    __rt_lib_init_signal_1                   0x08000147   Thumb Code     0  libinit2.o(.ARM.Collect$$libinit$$0000001F)
    __rt_lib_init_stdio_1                    0x08000147   Thumb Code     0  libinit2.o(.ARM.Collect$$libinit$$00000027)
    __rt_lib_init_user_alloc_1               0x08000147   Thumb Code     0  libinit2.o(.ARM.Collect$$libinit$$0000000E)
    __rt_lib_shutdown                        0x08000149   Thumb Code     0  libshutdown.o(.ARM.Collect$$libshutdown$$00000000)
    __rt_lib_shutdown_cpp_1                  0x0800014b   Thumb Code     0  libshutdown2.o(.ARM.Collect$$libshutdown$$00000002)
    __rt_lib_shutdown_fp_trap_1              0x0800014b   Thumb Code     0  libshutdown2.o(.ARM.Collect$$libshutdown$$00000007)
    __rt_lib_shutdown_heap_1                 0x0800014b   Thumb Code     0  libshutdown2.o(.ARM.Collect$$libshutdown$$0000000F)
    __rt_lib_shutdown_return                 0x0800014b   Thumb Code     0  libshutdown2.o(.ARM.Collect$$libshutdown$$00000010)
    __rt_lib_shutdown_signal_1               0x0800014b   Thumb Code     0  libshutdown2.o(.ARM.Collect$$libshutdown$$0000000A)
    __rt_lib_shutdown_stdio_1                0x0800014b   Thumb Code     0  libshutdown2.o(.ARM.Collect$$libshutdown$$00000004)
    __rt_lib_shutdown_user_alloc_1           0x0800014b   Thumb Code     0  libshutdown2.o(.ARM.Collect$$libshutdown$$0000000C)
    __rt_entry                               0x0800014d   Thumb Code     0  __rtentry.o(.ARM.Collect$$rtentry$$00000000)
    __rt_entry_presh_1                       0x0800014d   Thumb Code     0  __rtentry2.o(.ARM.Collect$$rtentry$$00000002)
    __rt_entry_sh                            0x0800014d   Thumb Code     0  __rtentry4.o(.ARM.Collect$$rtentry$$00000004)
    __rt_entry_li                            0x08000153   Thumb Code     0  __rtentry2.o(.ARM.Collect$$rtentry$$0000000A)
    __rt_entry_postsh_1                      0x08000153   Thumb Code     0  __rtentry2.o(.ARM.Collect$$rtentry$$00000009)
    __rt_entry_main                          0x08000157   Thumb Code     0  __rtentry2.o(.ARM.Collect$$rtentry$$0000000D)
    __rt_entry_postli_1                      0x08000157   Thumb Code     0  __rtentry2.o(.ARM.Collect$$rtentry$$0000000C)
    __rt_exit                                0x0800015f   Thumb Code     0  rtexit.o(.ARM.Collect$$rtexit$$00000000)
    __rt_exit_ls                             0x08000161   Thumb Code     0  rtexit2.o(.ARM.Collect$$rtexit$$00000003)
    __rt_exit_prels_1                        0x08000161   Thumb Code     0  rtexit2.o(.ARM.Collect$$rtexit$$00000002)
    __rt_exit_exit                           0x08000165   Thumb Code     0  rtexit2.o(.ARM.Collect$$rtexit$$00000004)
    Reset_Handler                            0x0800016d   Thumb Code     8  startup_stm32f10x_md.o(.text)
    NMI_Handler                              0x08000175   Thumb Code     2  startup_stm32f10x_md.o(.text)
    HardFault_Handler                        0x08000177   Thumb Code     2  startup_stm32f10x_md.o(.text)
    MemManage_Handler                        0x08000179   Thumb Code     2  startup_stm32f10x_md.o(.text)
    BusFault_Handler                         0x0800017b   Thumb Code     2  startup_stm32f10x_md.o(.text)
    UsageFault_Handler                       0x0800017d   Thumb Code     2  startup_stm32f10x_md.o(.text)
    SVC_Handler                              0x0800017f   Thumb Code     2  startup_stm32f10x_md.o(.text)
    DebugMon_Handler                         0x08000181   Thumb Code     2  startup_stm32f10x_md.o(.text)
    PendSV_Handler                           0x08000183   Thumb Code     2  startup_stm32f10x_md.o(.text)
    SysTick_Handler                          0x08000185   Thumb Code     2  startup_stm32f10x_md.o(.text)
    ADC1_2_IRQHandler                        0x08000187   Thumb Code     0  startup_stm32f10x_md.o(.text)
    CAN1_RX1_IRQHandler                      0x08000187   Thumb Code     0  startup_stm32f10x_md.o(.text)
    CAN1_SCE_IRQHandler                      0x08000187   Thumb Code     0  startup_stm32f10x_md.o(.text)
    DMA1_Channel1_IRQHandler                 0x08000187   Thumb Code     0  startup_stm32f10x_md.o(.text)
    DMA1_Channel2_IRQHandler                 0x08000187   Thumb Code     0  startup_stm32f10x_md.o(.text)
    DMA1_Channel3_IRQHandler                 0x08000187   Thumb Code     0  startup_stm32f10x_md.o(.text)
    DMA1_Channel4_IRQHandler                 0x08000187   Thumb Code     0  startup_stm32f10x_md.o(.text)
    DMA1_Channel5_IRQHandler                 0x08000187   Thumb Code     0  startup_stm32f10x_md.o(.text)
    DMA1_Channel6_IRQHandler                 0x08000187   Thumb Code     0  startup_stm32f10x_md.o(.text)
    DMA1_Channel7_IRQHandler                 0x08000187   Thumb Code     0  startup_stm32f10x_md.o(.text)
    EXTI15_10_IRQHandler                     0x08000187   Thumb Code     0  startup_stm32f10x_md.o(.text)
    EXTI1_IRQHandler                         0x08000187   Thumb Code     0  startup_stm32f10x_md.o(.text)
    EXTI2_IRQHandler                         0x08000187   Thumb Code     0  startup_stm32f10x_md.o(.text)
    EXTI3_IRQHandler                         0x08000187   Thumb Code     0  startup_stm32f10x_md.o(.text)
    EXTI4_IRQHandler                         0x08000187   Thumb Code     0  startup_stm32f10x_md.o(.text)
    EXTI9_5_IRQHandler                       0x08000187   Thumb Code     0  startup_stm32f10x_md.o(.text)
    FLASH_IRQHandler                         0x08000187   Thumb Code     0  startup_stm32f10x_md.o(.text)
    I2C1_ER_IRQHandler                       0x08000187   Thumb Code     0  startup_stm32f10x_md.o(.text)
    I2C1_EV_IRQHandler                       0x08000187   Thumb Code     0  startup_stm32f10x_md.o(.text)
    I2C2_ER_IRQHandler                       0x08000187   Thumb Code     0  startup_stm32f10x_md.o(.text)
    I2C2_EV_IRQHandler                       0x08000187   Thumb Code     0  startup_stm32f10x_md.o(.text)
    PVD_IRQHandler                           0x08000187   Thumb Code     0  startup_stm32f10x_md.o(.text)
    RCC_IRQHandler                           0x08000187   Thumb Code     0  startup_stm32f10x_md.o(.text)
    RTCAlarm_IRQHandler                      0x08000187   Thumb Code     0  startup_stm32f10x_md.o(.text)
    RTC_IRQHandler                           0x08000187   Thumb Code     0  startup_stm32f10x_md.o(.text)
    SPI1_IRQHandler                          0x08000187   Thumb Code     0  startup_stm32f10x_md.o(.text)
    SPI2_IRQHandler                          0x08000187   Thumb Code     0  startup_stm32f10x_md.o(.text)
    TAMPER_IRQHandler                        0x08000187   Thumb Code     0  startup_stm32f10x_md.o(.text)
    TIM1_BRK_IRQHandler                      0x08000187   Thumb Code     0  startup_stm32f10x_md.o(.text)
    TIM1_CC_IRQHandler                       0x08000187   Thumb Code     0  startup_stm32f10x_md.o(.text)
    TIM1_TRG_COM_IRQHandler                  0x08000187   Thumb Code     0  startup_stm32f10x_md.o(.text)
    TIM1_UP_IRQHandler                       0x08000187   Thumb Code     0  startup_stm32f10x_md.o(.text)
    TIM2_IRQHandler                          0x08000187   Thumb Code     0  startup_stm32f10x_md.o(.text)
    TIM3_IRQHandler                          0x08000187   Thumb Code     0  startup_stm32f10x_md.o(.text)
    TIM4_IRQHandler                          0x08000187   Thumb Code     0  startup_stm32f10x_md.o(.text)
    USART1_IRQHandler                        0x08000187   Thumb Code     0  startup_stm32f10x_md.o(.text)
    USART2_IRQHandler                        0x08000187   Thumb Code     0  startup_stm32f10x_md.o(.text)
    USART3_IRQHandler                        0x08000187   Thumb Code     0  startup_stm32f10x_md.o(.text)
    USBWakeUp_IRQHandler                     0x08000187   Thumb Code     0  startup_stm32f10x_md.o(.text)
    USB_HP_CAN1_TX_IRQHandler                0x08000187   Thumb Code     0  startup_stm32f10x_md.o(.text)
    USB_LP_CAN1_RX0_IRQHandler               0x08000187   Thumb Code     0  startup_stm32f10x_md.o(.text)
    WWDG_IRQHandler                          0x08000187   Thumb Code     0  startup_stm32f10x_md.o(.text)
    __user_initial_stackheap                 0x08000189   Thumb Code     0  startup_stm32f10x_md.o(.text)
    __use_two_region_memory                  0x080001ad   Thumb Code     2  heapauxi.o(.text)
    __rt_heap_escrow$2region                 0x080001af   Thumb Code     2  heapauxi.o(.text)
    __rt_heap_expand$2region                 0x080001b1   Thumb Code     2  heapauxi.o(.text)
    __user_setup_stackheap                   0x080001b3   Thumb Code    74  sys_stackheap_outer.o(.text)
    exit                                     0x080001fd   Thumb Code    18  exit.o(.text)
    __user_libspace                          0x08000211   Thumb Code     8  libspace.o(.text)
    __user_perproc_libspace                  0x08000211   Thumb Code     0  libspace.o(.text)
    __user_perthread_libspace                0x08000211   Thumb Code     0  libspace.o(.text)
    _sys_exit                                0x08000219   Thumb Code     8  sys_exit.o(.text)
    __I$use$semihosting                      0x08000225   Thumb Code     0  use_no_semi.o(.text)
    __use_no_semihosting_swi                 0x08000225   Thumb Code     2  use_no_semi.o(.text)
    __semihosting_library_function           0x08000227   Thumb Code     0  indicate_semi.o(.text)
    EXTI0_IRQHandler                         0x08000229   Thumb Code   388  main.o(.text.EXTI0_IRQHandler)
    EXTI_EnableLine                          0x080003ad   Thumb Code    90  exti_program.o(.text.EXTI_EnableLine)
    EXTI_Exit_IRQHandler                     0x08000409   Thumb Code    48  exti_program.o(.text.EXTI_Exit_IRQHandler)
    EXTI_InitForGPIO                         0x08000439   Thumb Code   160  exti_program.o(.text.EXTI_InitForGPIO)
    MCAL_AFIO_SetEXTIConfiguration           0x080004d9   Thumb Code   152  afio_program.o(.text.MCAL_AFIO_SetEXTIConfiguration)
    MCAL_GPIO_GetPinValue                    0x08000571   Thumb Code   212  gpio_program.o(.text.MCAL_GPIO_GetPinValue)
    MCAL_GPIO_SetPinMode                     0x08000645   Thumb Code   486  gpio_program.o(.text.MCAL_GPIO_SetPinMode)
    MCAL_GPIO_SetPinValue                    0x0800082d   Thumb Code   364  gpio_program.o(.text.MCAL_GPIO_SetPinValue)
    MCAL_GPIO_TogglePin                      0x08000999   Thumb Code    96  gpio_program.o(.text.MCAL_GPIO_TogglePin)
    MCAL_NVIC_ClearPendingIRQ                0x080009f9   Thumb Code   140  nvic_program.o(.text.MCAL_NVIC_ClearPendingIRQ)
    MCAL_NVIC_EnableIRQ                      0x08000a85   Thumb Code   148  nvic_program.o(.text.MCAL_NVIC_EnableIRQ)
    MCAL_NVIC_vSetPriority                   0x08000b19   Thumb Code   212  nvic_program.o(.text.MCAL_NVIC_vSetPriority)
    MCAL_RCC_EnablePeripheral                0x08000bed   Thumb Code   150  rcc_program.o(.text.MCAL_RCC_EnablePeripheral)
    MCAL_RCC_InitSysClock                    0x08000c85   Thumb Code    84  rcc_program.o(.text.MCAL_RCC_InitSysClock)
    MCAL_STK_SetDelay_ms                     0x08000cd9   Thumb Code   356  stk_program.o(.text.MCAL_STK_SetDelay_ms)
    SCB_SetPriorityGrouping                  0x08000e3d   Thumb Code    20  scb_program.o(.text.SCB_SetPriorityGrouping)
    SystemInit                               0x08000f7d   Thumb Code   102  system_stm32f10x.o(.text.SystemInit)
    main                                     0x08000fe5   Thumb Code   320  main.o(.text.main)
    __aeabi_ddiv                             0x08001125   Thumb Code     0  ddiv.o(x$fpl$ddiv)
    _ddiv                                    0x08001125   Thumb Code   556  ddiv.o(x$fpl$ddiv)
    __aeabi_d2uiz                            0x080013d9   Thumb Code     0  dfixu.o(x$fpl$dfixu)
    _dfixu                                   0x080013d9   Thumb Code    90  dfixu.o(x$fpl$dfixu)
    __fpl_dnaninf                            0x08001433   Thumb Code   156  dnaninf.o(x$fpl$dnaninf)
    __fpl_dretinf                            0x080014cf   Thumb Code    12  dretinf.o(x$fpl$dretinf)
    __aeabi_f2d                              0x080014dd   Thumb Code     0  f2d.o(x$fpl$f2d)
    _f2d                                     0x080014dd   Thumb Code    86  f2d.o(x$fpl$f2d)
    __aeabi_fmul                             0x08001535   Thumb Code     0  fmul.o(x$fpl$fmul)
    _fmul                                    0x08001535   Thumb Code   258  fmul.o(x$fpl$fmul)
    __fpl_fnaninf                            0x08001637   Thumb Code   140  fnaninf.o(x$fpl$fnaninf)
    __fpl_fretinf                            0x080016c3   Thumb Code    10  fretinf.o(x$fpl$fretinf)
    Region$$Table$$Base                      0x080016cc   Number         0  anon$$obj.o(Region$$Table)
    __I$use$fp                               0x080016cc   Number         0  usenofp.o(x$fpl$usenofp)
    Region$$Table$$Limit                     0x080016dc   Number         0  anon$$obj.o(Region$$Table)
    __libspace_start                         0x20000000   Data          96  libspace.o(.bss)
    __temporary_stack_top$libspace           0x20000060   Data           0  libspace.o(.bss)



==============================================================================

Memory Map of the image

  Image Entry point : 0x0800016d

  Load Region LR_1 (Base: 0x08000000, Size: 0x000016dc, Max: 0xffffffff, ABSOLUTE)

    Execution Region ER_RO (Exec base: 0x08000000, Load base: 0x08000000, Size: 0x000016dc, Max: 0xffffffff, ABSOLUTE)

    Exec Addr    Load Addr    Size         Type   Attr      Idx    E Section Name        Object

    0x08000000   0x08000000   0x000000ec   Data   RO          152    RESET               startup_stm32f10x_md.o
    0x080000ec   0x080000ec   0x00000008   Code   RO          180  * !!!main             c_w.l(__main.o)
    0x080000f4   0x080000f4   0x00000034   Code   RO          374    !!!scatter          c_w.l(__scatter.o)
    0x08000128   0x08000128   0x0000001c   Code   RO          376    !!handler_zi        c_w.l(__scatter_zi.o)
    0x08000144   0x08000144   0x00000002   Code   RO          236    .ARM.Collect$$libinit$$00000000  c_w.l(libinit.o)
    0x08000146   0x08000146   0x00000000   Code   RO          243    .ARM.Collect$$libinit$$00000002  c_w.l(libinit2.o)
    0x08000146   0x08000146   0x00000000   Code   RO          245    .ARM.Collect$$libinit$$00000004  c_w.l(libinit2.o)
    0x08000146   0x08000146   0x00000000   Code   RO          247    .ARM.Collect$$libinit$$00000006  c_w.l(libinit2.o)
    0x08000146   0x08000146   0x00000000   Code   RO          250    .ARM.Collect$$libinit$$0000000C  c_w.l(libinit2.o)
    0x08000146   0x08000146   0x00000000   Code   RO          252    .ARM.Collect$$libinit$$0000000E  c_w.l(libinit2.o)
    0x08000146   0x08000146   0x00000000   Code   RO          254    .ARM.Collect$$libinit$$00000010  c_w.l(libinit2.o)
    0x08000146   0x08000146   0x00000000   Code   RO          257    .ARM.Collect$$libinit$$00000013  c_w.l(libinit2.o)
    0x08000146   0x08000146   0x00000000   Code   RO          259    .ARM.Collect$$libinit$$00000015  c_w.l(libinit2.o)
    0x08000146   0x08000146   0x00000000   Code   RO          261    .ARM.Collect$$libinit$$00000017  c_w.l(libinit2.o)
    0x08000146   0x08000146   0x00000000   Code   RO          263    .ARM.Collect$$libinit$$00000019  c_w.l(libinit2.o)
    0x08000146   0x08000146   0x00000000   Code   RO          265    .ARM.Collect$$libinit$$0000001B  c_w.l(libinit2.o)
    0x08000146   0x08000146   0x00000000   Code   RO          267    .ARM.Collect$$libinit$$0000001D  c_w.l(libinit2.o)
    0x08000146   0x08000146   0x00000000   Code   RO          269    .ARM.Collect$$libinit$$0000001F  c_w.l(libinit2.o)
    0x08000146   0x08000146   0x00000000   Code   RO          271    .ARM.Collect$$libinit$$00000021  c_w.l(libinit2.o)
    0x08000146   0x08000146   0x00000000   Code   RO          273    .ARM.Collect$$libinit$$00000023  c_w.l(libinit2.o)
    0x08000146   0x08000146   0x00000000   Code   RO          275    .ARM.Collect$$libinit$$00000025  c_w.l(libinit2.o)
    0x08000146   0x08000146   0x00000000   Code   RO          277    .ARM.Collect$$libinit$$00000027  c_w.l(libinit2.o)
    0x08000146   0x08000146   0x00000000   Code   RO          281    .ARM.Collect$$libinit$$0000002E  c_w.l(libinit2.o)
    0x08000146   0x08000146   0x00000000   Code   RO          283    .ARM.Collect$$libinit$$00000030  c_w.l(libinit2.o)
    0x08000146   0x08000146   0x00000000   Code   RO          285    .ARM.Collect$$libinit$$00000032  c_w.l(libinit2.o)
    0x08000146   0x08000146   0x00000000   Code   RO          287    .ARM.Collect$$libinit$$00000034  c_w.l(libinit2.o)
    0x08000146   0x08000146   0x00000002   Code   RO          288    .ARM.Collect$$libinit$$00000035  c_w.l(libinit2.o)
    0x08000148   0x08000148   0x00000002   Code   RO          310    .ARM.Collect$$libshutdown$$00000000  c_w.l(libshutdown.o)
    0x0800014a   0x0800014a   0x00000000   Code   RO          325    .ARM.Collect$$libshutdown$$00000002  c_w.l(libshutdown2.o)
    0x0800014a   0x0800014a   0x00000000   Code   RO          327    .ARM.Collect$$libshutdown$$00000004  c_w.l(libshutdown2.o)
    0x0800014a   0x0800014a   0x00000000   Code   RO          330    .ARM.Collect$$libshutdown$$00000007  c_w.l(libshutdown2.o)
    0x0800014a   0x0800014a   0x00000000   Code   RO          333    .ARM.Collect$$libshutdown$$0000000A  c_w.l(libshutdown2.o)
    0x0800014a   0x0800014a   0x00000000   Code   RO          335    .ARM.Collect$$libshutdown$$0000000C  c_w.l(libshutdown2.o)
    0x0800014a   0x0800014a   0x00000000   Code   RO          338    .ARM.Collect$$libshutdown$$0000000F  c_w.l(libshutdown2.o)
    0x0800014a   0x0800014a   0x00000002   Code   RO          339    .ARM.Collect$$libshutdown$$00000010  c_w.l(libshutdown2.o)
    0x0800014c   0x0800014c   0x00000000   Code   RO          202    .ARM.Collect$$rtentry$$00000000  c_w.l(__rtentry.o)
    0x0800014c   0x0800014c   0x00000000   Code   RO          213    .ARM.Collect$$rtentry$$00000002  c_w.l(__rtentry2.o)
    0x0800014c   0x0800014c   0x00000006   Code   RO          225    .ARM.Collect$$rtentry$$00000004  c_w.l(__rtentry4.o)
    0x08000152   0x08000152   0x00000000   Code   RO          215    .ARM.Collect$$rtentry$$00000009  c_w.l(__rtentry2.o)
    0x08000152   0x08000152   0x00000004   Code   RO          216    .ARM.Collect$$rtentry$$0000000A  c_w.l(__rtentry2.o)
    0x08000156   0x08000156   0x00000000   Code   RO          218    .ARM.Collect$$rtentry$$0000000C  c_w.l(__rtentry2.o)
    0x08000156   0x08000156   0x00000008   Code   RO          219    .ARM.Collect$$rtentry$$0000000D  c_w.l(__rtentry2.o)
    0x0800015e   0x0800015e   0x00000002   Code   RO          240    .ARM.Collect$$rtexit$$00000000  c_w.l(rtexit.o)
    0x08000160   0x08000160   0x00000000   Code   RO          290    .ARM.Collect$$rtexit$$00000002  c_w.l(rtexit2.o)
    0x08000160   0x08000160   0x00000004   Code   RO          291    .ARM.Collect$$rtexit$$00000003  c_w.l(rtexit2.o)
    0x08000164   0x08000164   0x00000006   Code   RO          292    .ARM.Collect$$rtexit$$00000004  c_w.l(rtexit2.o)
    0x0800016a   0x0800016a   0x00000002   PAD
    0x0800016c   0x0800016c   0x00000040   Code   RO          153  * .text               startup_stm32f10x_md.o
    0x080001ac   0x080001ac   0x00000006   Code   RO          178    .text               c_w.l(heapauxi.o)
    0x080001b2   0x080001b2   0x0000004a   Code   RO          227    .text               c_w.l(sys_stackheap_outer.o)
    0x080001fc   0x080001fc   0x00000012   Code   RO          229    .text               c_w.l(exit.o)
    0x0800020e   0x0800020e   0x00000002   PAD
    0x08000210   0x08000210   0x00000008   Code   RO          237    .text               c_w.l(libspace.o)
    0x08000218   0x08000218   0x0000000c   Code   RO          300    .text               c_w.l(sys_exit.o)
    0x08000224   0x08000224   0x00000002   Code   RO          315    .text               c_w.l(use_no_semi.o)
    0x08000226   0x08000226   0x00000000   Code   RO          317    .text               c_w.l(indicate_semi.o)
    0x08000226   0x08000226   0x00000002   PAD
    0x08000228   0x08000228   0x00000184   Code   RO           69    .text.EXTI0_IRQHandler  main.o
    0x080003ac   0x080003ac   0x0000005a   Code   RO           23    .text.EXTI_EnableLine  exti_program.o
    0x08000406   0x08000406   0x00000002   PAD
    0x08000408   0x08000408   0x00000030   Code   RO           29    .text.EXTI_Exit_IRQHandler  exti_program.o
    0x08000438   0x08000438   0x000000a0   Code   RO           21    .text.EXTI_InitForGPIO  exti_program.o
    0x080004d8   0x080004d8   0x00000098   Code   RO           10    .text.MCAL_AFIO_SetEXTIConfiguration  afio_program.o
    0x08000570   0x08000570   0x000000d4   Code   RO           43    .text.MCAL_GPIO_GetPinValue  gpio_program.o
    0x08000644   0x08000644   0x000001e6   Code   RO           39    .text.MCAL_GPIO_SetPinMode  gpio_program.o
    0x0800082a   0x0800082a   0x00000002   PAD
    0x0800082c   0x0800082c   0x0000016c   Code   RO           41    .text.MCAL_GPIO_SetPinValue  gpio_program.o
    0x08000998   0x08000998   0x00000060   Code   RO           45    .text.MCAL_GPIO_TogglePin  gpio_program.o
    0x080009f8   0x080009f8   0x0000008c   Code   RO           85    .text.MCAL_NVIC_ClearPendingIRQ  nvic_program.o
    0x08000a84   0x08000a84   0x00000094   Code   RO           79    .text.MCAL_NVIC_EnableIRQ  nvic_program.o
    0x08000b18   0x08000b18   0x000000d4   Code   RO           91    .text.MCAL_NVIC_vSetPriority  nvic_program.o
    0x08000bec   0x08000bec   0x00000096   Code   RO           56    .text.MCAL_RCC_EnablePeripheral  rcc_program.o
    0x08000c82   0x08000c82   0x00000002   PAD
    0x08000c84   0x08000c84   0x00000054   Code   RO           54    .text.MCAL_RCC_InitSysClock  rcc_program.o
    0x08000cd8   0x08000cd8   0x00000164   Code   RO          141    .text.MCAL_STK_SetDelay_ms  stk_program.o
    0x08000e3c   0x08000e3c   0x00000014   Code   RO          102    .text.SCB_SetPriorityGrouping  scb_program.o
    0x08000e50   0x08000e50   0x00000008   Code   RO          162    .text.SetSysClock   system_stm32f10x.o
    0x08000e58   0x08000e58   0x00000122   Code   RO          166    .text.SetSysClockTo72  system_stm32f10x.o
    0x08000f7a   0x08000f7a   0x00000002   PAD
    0x08000f7c   0x08000f7c   0x00000066   Code   RO          160    .text.SystemInit    system_stm32f10x.o
    0x08000fe2   0x08000fe2   0x00000002   PAD
    0x08000fe4   0x08000fe4   0x00000140   Code   RO           67    .text.main          main.o
    0x08001124   0x08001124   0x000002b4   Code   RO          191    x$fpl$ddiv          fz_ws.l(ddiv.o)
    0x080013d8   0x080013d8   0x0000005a   Code   RO          194    x$fpl$dfixu         fz_ws.l(dfixu.o)
    0x08001432   0x08001432   0x0000009c   Code   RO          203    x$fpl$dnaninf       fz_ws.l(dnaninf.o)
    0x080014ce   0x080014ce   0x0000000c   Code   RO          205    x$fpl$dretinf       fz_ws.l(dretinf.o)
    0x080014da   0x080014da   0x00000002   PAD
    0x080014dc   0x080014dc   0x00000056   Code   RO          198    x$fpl$f2d           fz_ws.l(f2d.o)
    0x08001532   0x08001532   0x00000002   PAD
    0x08001534   0x08001534   0x00000102   Code   RO          200    x$fpl$fmul          fz_ws.l(fmul.o)
    0x08001636   0x08001636   0x0000008c   Code   RO          207    x$fpl$fnaninf       fz_ws.l(fnaninf.o)
    0x080016c2   0x080016c2   0x0000000a   Code   RO          209    x$fpl$fretinf       fz_ws.l(fretinf.o)
    0x080016cc   0x080016cc   0x00000000   Code   RO          211    x$fpl$usenofp       fz_ws.l(usenofp.o)
    0x080016cc   0x080016cc   0x00000010   Data   RO          373    Region$$Table       anon$$obj.o


    Execution Region ER_RW (Exec base: 0x20000000, Load base: 0x080016dc, Size: 0x00000000, Max: 0xffffffff, ABSOLUTE)

    **** No section assigned to this execution region ****


    Execution Region ER_ZI (Exec base: 0x20000000, Load base: 0x080016dc, Size: 0x00000660, Max: 0xffffffff, ABSOLUTE)

    Exec Addr    Load Addr    Size         Type   Attr      Idx    E Section Name        Object

    0x20000000        -       0x00000060   Zero   RW          238    .bss                c_w.l(libspace.o)
    0x20000060        -       0x00000200   Zero   RW          151    HEAP                startup_stm32f10x_md.o
    0x20000260        -       0x00000400   Zero   RW          150    STACK               startup_stm32f10x_md.o


==============================================================================

Image component sizes


      Code (inc. data)   RO Data    RW Data    ZI Data      Debug   Object Name

       152          0          0          0          0       1914   afio_program.o
       298          0          0          0          0       2246   exti_program.o
      1158          0          0          0          0       1937   gpio_program.o
       708          0          0          0          0       1050   main.o
       500          0          0          0          0       3075   nvic_program.o
       234          0          0          0          0       1094   rcc_program.o
        20          0          0          0          0       1262   scb_program.o
        64         26        236          0       1536        824   startup_stm32f10x_md.o
       356          0          0          0          0       2372   stk_program.o
       400          0          0          0          0       2889   system_stm32f10x.o

    ----------------------------------------------------------------------
      3900         26        252          0       1536      18663   Object Totals
         0          0         16          0          0          0   (incl. Generated)
        10          0          0          0          0          0   (incl. Padding)

    ----------------------------------------------------------------------

      Code (inc. data)   RO Data    RW Data    ZI Data      Debug   Library Member Name

         8          0          0          0          0         68   __main.o
         0          0          0          0          0          0   __rtentry.o
        12          0          0          0          0          0   __rtentry2.o
         6          0          0          0          0          0   __rtentry4.o
        52          8          0          0          0          0   __scatter.o
        28          0          0          0          0          0   __scatter_zi.o
        18          0          0          0          0         80   exit.o
         6          0          0          0          0        152   heapauxi.o
         0          0          0          0          0          0   indicate_semi.o
         2          0          0          0          0          0   libinit.o
         2          0          0          0          0          0   libinit2.o
         2          0          0          0          0          0   libshutdown.o
         2          0          0          0          0          0   libshutdown2.o
         8          4          0          0         96         68   libspace.o
         2          0          0          0          0          0   rtexit.o
        10          0          0          0          0          0   rtexit2.o
        12          4          0          0          0         68   sys_exit.o
        74          0          0          0          0         80   sys_stackheap_outer.o
         2          0          0          0          0         68   use_no_semi.o
       692        140          0          0          0        216   ddiv.o
        90          4          0          0          0         92   dfixu.o
       156          4          0          0          0         92   dnaninf.o
        12          0          0          0          0         68   dretinf.o
        86          4          0          0          0         84   f2d.o
       258          4          0          0          0         84   fmul.o
       140          4          0          0          0         84   fnaninf.o
        10          0          0          0          0         68   fretinf.o
         0          0          0          0          0          0   usenofp.o

    ----------------------------------------------------------------------
      1700        176          0          0         96       1372   Library Totals
        10          0          0          0          0          0   (incl. Padding)

    ----------------------------------------------------------------------

      Code (inc. data)   RO Data    RW Data    ZI Data      Debug   Library Name

       246         16          0          0         96        584   c_w.l
      1444        160          0          0          0        788   fz_ws.l

    ----------------------------------------------------------------------
      1700        176          0          0         96       1372   Library Totals

    ----------------------------------------------------------------------

==============================================================================


      Code (inc. data)   RO Data    RW Data    ZI Data      Debug   

      5600        202        252          0       1632      19283   Grand Totals
      5600        202        252          0       1632      19283   ELF Image Totals
      5600        202        252          0          0          0   ROM Totals

==============================================================================

    Total RO  Size (Code + RO Data)                 5852 (   5.71kB)
    Total RW  Size (RW Data + ZI Data)              1632 (   1.59kB)
    Total ROM Size (Code + RO Data + RW Data)       5852 (   5.71kB)

==============================================================================

